
[{
  "collectorId" : "5c38f2f087cd1f53ca81bd3d",
  "sId" : "3861672",
  "sNumber" : "WO-2014",
  "sName" : "Orchestrate TEST Stuff API",
  "sTypeId" : "7",
  "sTypeName" : "Story",
  "sStatus" : "Backlog",
  "sState" : "Backlog",
  "sEstimate" : "3",
  "sEstimateTime" : 0,
  "sUrl" : "https://jira.com/browse/WO-2014",
  "changeDate" : "2019-01-14T13:36:37.000-0500",
  "isDeleted" : "False",
  "sOwnersID" : [
    "abc123"
  ],
  "sOwnersIsDeleted" : [],
  "sOwnersChangeDate" : [],
  "sOwnersState" : [
    "Active"
  ],
  "sOwnersUsername" : [
    "abc123"
  ],
  "sOwnersFullName" : [
    "Topo"
  ],
  "sOwnersShortName" : [
    "abc123"
  ],
  "sTeamIsDeleted" : "False",
  "sTeamAssetState" : "",
  "sTeamChangeDate" : "",
  "sTeamName" : "TestBoard scrum 3",
  "sTeamID" : "999",
  "sSprintIsDeleted" : "False",
  "sSprintChangeDate" : "",
  "sSprintAssetState" : "future",
  "sSprintEndDate" : "",
  "sSprintBeginDate" : "",
  "sSprintName" : "TEST - Sprint 35",
  "sSprintID" : "54398",
  "sSprintUrl" : "https://jira.com/secure/RapidBoard.jspa?rapidView=6823&view=reporting&chart=sprintRetrospective&sprint=54398",
  "sEpicID" : "",
  "sProjectPath" : "",
  "sProjectIsDeleted" : "False",
  "sProjectState" : "",
  "sProjectChangeDate" : "",
  "sProjectEndDate" : "",
  "sProjectBeginDate" : "",
  "sProjectName" : "TEST Orchestrator",
  "sProjectID" : "12515",
  "issueLinks" : []
}
]
