[{
  "changeDate": "2019-01-10T10:44:37.000-0500",
  "changes": [],
  "collectorId": {
    "counter": 8502589,
    "machineIdentifier": 8899871,
    "processIdentifier": 21450,
    "timestamp": 1547236080
  },
  "id": {
    "counter": 15995505,
    "machineIdentifier": 12595035,
    "processIdentifier": 6585,
    "timestamp": 1585228001
  },
  "isDeleted": "False",
  "issueLinks": [
    {
      "issueLinkDirection": "OUTBOUND",
      "issueLinkName": "Cloners",
      "issueLinkType": "clones",
      "targetIssueKey": "WO-1926",
      "targetIssueUri": "https://jira.com/rest/api/2/issue/3679947"
    }
  ],
  "sEpicAssetState": "Backlog",
  "sEpicBeginDate": "2018-10-10T10:44:29.290-0400",
  "sEpicChangeDate": "2019-01-15T11:17:35.360-0500",
  "sEpicEndDate": "",
  "sEpicID": "3641923",
  "sEpicIsDeleted": "false",
  "sEpicName": "Edge TEST stories",
  "sEpicNumber": "WO-1897",
  "sEpicType": "",
  "sEpicUrl": "https://jira.com/browse/WO-1897",
  "sEstimate": "2",
  "sEstimateTime": 0,
  "sId": "3861672",
  "sName": "Orchestrate TEST Stuff API",
  "sNumber": "WO-2014",
  "sOwnersChangeDate": [
  ],
  "sOwnersFullName": [
    "Topo"
  ],
  "sOwnersID": [
    "abc123"
  ],
  "sOwnersIsDeleted": [
  false
  ],
  "sOwnersShortName": [
    "abc123"
  ],
  "sOwnersState": [
    "Active"
  ],
  "sOwnersUsername": [
    "abc123"
  ],
  "sProjectBeginDate": "",
  "sProjectChangeDate": "",
  "sProjectEndDate": "",
  "sProjectID": "12515",
  "sProjectIsDeleted": "False",
  "sProjectName": "TEST Orchestrator",
  "sProjectPath": "",
  "sProjectState": "",
  "sSprintAssetState": "active",
  "sSprintBeginDate": "2019-01-02T09:00:38.902-05:00",
  "sSprintChangeDate": "",
  "sSprintEndDate": "2019-01-16T09:00:00.000-05:00",
  "sSprintID": "54398",
  "sSprintIsDeleted": "False",
  "sSprintName": "TEST - Sprint 35",
  "sSprintUrl": "https://jira.com/secure/RapidBoard.jspa?rapidView=6823&view=reporting&chart=sprintRetrospective&sprint=54398",
  "sState": "Closed",
  "sStatus": "Closed",
  "sTeamAssetState": "",
  "sTeamChangeDate": "",
  "sTeamID": "999",
  "sTeamIsDeleted": "False",
  "sTeamName": "TestBoard scrum 3",
  "sTypeId": "7",
  "sTypeName": "Story",
  "subTasks": [],
  "sUrl": "https://jira.com/browse/WO-2014"
}]