[
  {
  "collectorId" : "5c38f2f087cd1f53ca81bd3d",
  "pId" : "13700",
  "name" : "Project 1",
  "projectPath" : "Project 1",
  "beginDate" : "",
  "endDate" : "",
  "changeDate" : "",
  "isDeleted" : "False",
  "lastCollected" : 0
  }
]